// Jest Snapshot v1, https://goo.gl/fbAQLP

exports[`matches for havk1: havk1 1`] = `
{
  "animations": [
    {
      "blockerIndices": [],
      "collisionIndices": Uint32Array [
        0,
      ],
      "sequence": 21154994n,
    },
    {
      "blockerIndices": [],
      "collisionIndices": Uint32Array [
        0,
      ],
      "sequence": 135770290n,
    },
    {
      "blockerIndices": [],
      "collisionIndices": Uint32Array [
        0,
      ],
      "sequence": 175158308n,
    },
    {
      "blockerIndices": [],
      "collisionIndices": Uint32Array [
        0,
      ],
      "sequence": 272061484n,
    },
    {
      "blockerIndices": [],
      "collisionIndices": [],
      "sequence": 27366411428n,
    },
    {
      "blockerIndices": [],
      "collisionIndices": Uint32Array [
        0,
      ],
      "sequence": 192720390330n,
    },
    {
      "blockerIndices": [],
      "collisionIndices": Uint32Array [
        0,
      ],
      "sequence": 188074801256444082n,
    },
    {
      "blockerIndices": [],
      "collisionIndices": Uint32Array [
        0,
      ],
      "sequence": 188074801392735276n,
    },
  ],
  "blockers": [],
  "boundsMax": Float32Array [
    0,
    0,
    0,
  ],
  "boundsMin": Float32Array [
    0,
    0,
    0,
  ],
  "collisions": [
    {
      "indices": Uint16Array [
        0,
        2,
        1,
        3,
        0,
        1,
        3,
        1,
        4,
        5,
        4,
        1,
        5,
        1,
        2,
        5,
        2,
        6,
        7,
        6,
        2,
        0,
        7,
        2,
        8,
        7,
        0,
        8,
        0,
        3,
        8,
        3,
        9,
        9,
        3,
        4,
        9,
        4,
        10,
        5,
        10,
        4,
        5,
        6,
        10,
        11,
        10,
        6,
        7,
        11,
        6,
        8,
        11,
        7,
        8,
        9,
        11,
        11,
        9,
        10,
      ],
      "moppCodeData": {
        "moppData": Uint8Array [
          170,
          98,
          194,
          189,
          172,
          47,
          158,
          189,
          39,
          64,
          139,
          189,
          24,
          172,
          84,
          75,
          133,
          0,
          0,
          0,
          40,
          0,
          255,
          39,
          0,
          32,
          38,
          0,
          31,
          16,
          19,
          13,
          73,
          17,
          32,
          25,
          63,
          17,
          7,
          0,
          6,
          18,
          255,
          0,
          1,
          60,
          67,
          23,
          15,
          12,
          37,
          24,
          127,
          124,
          21,
          18,
          255,
          0,
          13,
          18,
          255,
          0,
          8,
          38,
          0,
          1,
          32,
          0,
          1,
          59,
          50,
          58,
          40,
          0,
          1,
          51,
          17,
          16,
          0,
          4,
          40,
          254,
          255,
          66,
          40,
          0,
          1,
          61,
          19,
          16,
          134,
          4,
          40,
          0,
          1,
          52,
          40,
          254,
          255,
          57,
          17,
          32,
          25,
          1,
          48,
          49,
          33,
          15,
          22,
          24,
          137,
          134,
          12,
          19,
          8,
          127,
          4,
          40,
          0,
          1,
          62,
          40,
          254,
          255,
          65,
          16,
          31,
          18,
          1,
          63,
          64,
          23,
          26,
          23,
          12,
          19,
          16,
          134,
          4,
          40,
          0,
          1,
          53,
          40,
          254,
          255,
          56,
          17,
          32,
          15,
          1,
          54,
          55,
          1,
        ],
      },
      "surfaces": Uint16Array [
        65535,
      ],
      "vertices": [
        Float32Array [
          -0.0066716657020151615,
          0.07288872450590134,
          1.1263327598571777,
        ],
        Float32Array [
          -0.0949147492647171,
          0.0442168153822422,
          -0.06799346208572388,
        ],
        Float32Array [
          -0.0066716657020151615,
          0.07288872450590134,
          -0.06799346208572388,
        ],
        Float32Array [
          -0.0949147492647171,
          0.0442168153822422,
          1.1263327598571777,
        ],
        Float32Array [
          -0.0949147567152977,
          -0.048567455261945724,
          -0.06799346208572388,
        ],
        Float32Array [
          -0.031061461195349693,
          -0.002175325993448496,
          -0.06799346208572388,
        ],
        Float32Array [
          0.04786554351449013,
          -0.002175325993448496,
          -0.06799346208572388,
        ],
        Float32Array [
          0.04786554351449013,
          -0.002175325993448496,
          1.1263327598571777,
        ],
        Float32Array [
          -0.031061461195349693,
          -0.002175325993448496,
          1.1263327598571777,
        ],
        Float32Array [
          -0.0949147567152977,
          -0.048567455261945724,
          1.1263327598571777,
        ],
        Float32Array [
          -0.006671677343547344,
          -0.07723937183618546,
          -0.06799346208572388,
        ],
        Float32Array [
          -0.006671677343547344,
          -0.07723937183618546,
          1.1263327598571777,
        ],
      ],
    },
  ],
  "geometries": [
    {
      "animations": Uint32Array [
        0,
        1,
        2,
        3,
        4,
        5,
        6,
        7,
      ],
      "navMeshIndex": 0,
      "quantizedExtents": 1,
    },
  ],
  "navMeshes": [],
  "obsModels": [],
  "propModels": [],
  "zoneModels": [],
}
`;
